Archive member included to satisfy reference by file (symbol)

c:/program files (x86)/arm gnu toolchain arm-none-eabi/11.2 2022.02/bin/../lib/gcc/arm-none-eabi/11.2.1/thumb/v7e-m/nofp\libgcc.a(_aeabi_ldivmod.o)
                              ./system/src/stm32f4-hal/stm32f4xx_hal_rcc.o (__aeabi_ldivmod)
c:/program files (x86)/arm gnu toolchain arm-none-eabi/11.2 2022.02/bin/../lib/gcc/arm-none-eabi/11.2.1/thumb/v7e-m/nofp\libgcc.a(_aeabi_uldivmod.o)
                              ./system/src/stm32f4-hal/stm32f4xx_hal_rcc.o (__aeabi_uldivmod)
c:/program files (x86)/arm gnu toolchain arm-none-eabi/11.2 2022.02/bin/../lib/gcc/arm-none-eabi/11.2.1/thumb/v7e-m/nofp\libgcc.a(_udivmoddi4.o)
                              c:/program files (x86)/arm gnu toolchain arm-none-eabi/11.2 2022.02/bin/../lib/gcc/arm-none-eabi/11.2.1/thumb/v7e-m/nofp\libgcc.a(_aeabi_ldivmod.o) (__udivmoddi4)
c:/program files (x86)/arm gnu toolchain arm-none-eabi/11.2 2022.02/bin/../lib/gcc/arm-none-eabi/11.2.1/thumb/v7e-m/nofp\libgcc.a(_dvmd_tls.o)
                              c:/program files (x86)/arm gnu toolchain arm-none-eabi/11.2 2022.02/bin/../lib/gcc/arm-none-eabi/11.2.1/thumb/v7e-m/nofp\libgcc.a(_aeabi_ldivmod.o) (__aeabi_ldiv0)
c:/program files (x86)/arm gnu toolchain arm-none-eabi/11.2 2022.02/bin/../lib/gcc/arm-none-eabi/11.2.1/thumb/v7e-m/nofp\libg_nano.a(lib_a-errno.o)
                              ./system/src/newlib/sbrk.o (__errno)
c:/program files (x86)/arm gnu toolchain arm-none-eabi/11.2 2022.02/bin/../lib/gcc/arm-none-eabi/11.2.1/thumb/v7e-m/nofp\libg_nano.a(lib_a-impure.o)
                              c:/program files (x86)/arm gnu toolchain arm-none-eabi/11.2 2022.02/bin/../lib/gcc/arm-none-eabi/11.2.1/thumb/v7e-m/nofp\libg_nano.a(lib_a-errno.o) (_impure_ptr)

Discarded input sections

 .text          0x00000000        0x0 ./system/src/stm32f4-hal/stm32f4xx_hal.o
 .data          0x00000000        0x0 ./system/src/stm32f4-hal/stm32f4xx_hal.o
 .bss           0x00000000        0x0 ./system/src/stm32f4-hal/stm32f4xx_hal.o
 .text.HAL_MspInit
                0x00000000        0x2 ./system/src/stm32f4-hal/stm32f4xx_hal.o
 .text.HAL_MspDeInit
                0x00000000        0x2 ./system/src/stm32f4-hal/stm32f4xx_hal.o
 .text.HAL_DeInit
                0x00000000       0x2c ./system/src/stm32f4-hal/stm32f4xx_hal.o
 .text.HAL_GetTickPrio
                0x00000000        0xc ./system/src/stm32f4-hal/stm32f4xx_hal.o
 .text.HAL_SetTickFreq
                0x00000000       0x28 ./system/src/stm32f4-hal/stm32f4xx_hal.o
 .text.HAL_GetTickFreq
                0x00000000        0xc ./system/src/stm32f4-hal/stm32f4xx_hal.o
 .text.HAL_Delay
                0x00000000       0x28 ./system/src/stm32f4-hal/stm32f4xx_hal.o
 .text.HAL_SuspendTick
                0x00000000        0xe ./system/src/stm32f4-hal/stm32f4xx_hal.o
 .text.HAL_ResumeTick
                0x00000000        0xe ./system/src/stm32f4-hal/stm32f4xx_hal.o
 .text.HAL_GetHalVersion
                0x00000000        0x8 ./system/src/stm32f4-hal/stm32f4xx_hal.o
 .text.HAL_GetREVID
                0x00000000        0xc ./system/src/stm32f4-hal/stm32f4xx_hal.o
 .text.HAL_GetDEVID
                0x00000000       0x10 ./system/src/stm32f4-hal/stm32f4xx_hal.o
 .text.HAL_DBGMCU_EnableDBGSleepMode
                0x00000000       0x10 ./system/src/stm32f4-hal/stm32f4xx_hal.o
 .text.HAL_DBGMCU_DisableDBGSleepMode
                0x00000000       0x10 ./system/src/stm32f4-hal/stm32f4xx_hal.o
 .text.HAL_DBGMCU_EnableDBGStopMode
                0x00000000       0x10 ./system/src/stm32f4-hal/stm32f4xx_hal.o
 .text.HAL_DBGMCU_DisableDBGStopMode
                0x00000000       0x10 ./system/src/stm32f4-hal/stm32f4xx_hal.o
 .text.HAL_DBGMCU_EnableDBGStandbyMode
                0x00000000       0x10 ./system/src/stm32f4-hal/stm32f4xx_hal.o
 .text.HAL_DBGMCU_DisableDBGStandbyMode
                0x00000000       0x10 ./system/src/stm32f4-hal/stm32f4xx_hal.o
 .text.HAL_EnableCompensationCell
                0x00000000       0x10 ./system/src/stm32f4-hal/stm32f4xx_hal.o
 .text.HAL_DisableCompensationCell
                0x00000000       0x10 ./system/src/stm32f4-hal/stm32f4xx_hal.o
 .text.HAL_GetUIDw0
                0x00000000        0xc ./system/src/stm32f4-hal/stm32f4xx_hal.o
 .text.HAL_GetUIDw1
                0x00000000        0xc ./system/src/stm32f4-hal/stm32f4xx_hal.o
 .text.HAL_GetUIDw2
                0x00000000        0xc ./system/src/stm32f4-hal/stm32f4xx_hal.o
 .text          0x00000000        0x0 ./system/src/stm32f4-hal/stm32f4xx_hal_cortex.o
 .data          0x00000000        0x0 ./system/src/stm32f4-hal/stm32f4xx_hal_cortex.o
 .bss           0x00000000        0x0 ./system/src/stm32f4-hal/stm32f4xx_hal_cortex.o
 .text.HAL_NVIC_EnableIRQ
                0x00000000       0x1c ./system/src/stm32f4-hal/stm32f4xx_hal_cortex.o
 .text.HAL_NVIC_DisableIRQ
                0x00000000       0x24 ./system/src/stm32f4-hal/stm32f4xx_hal_cortex.o
 .text.HAL_NVIC_SystemReset
                0x00000000       0x24 ./system/src/stm32f4-hal/stm32f4xx_hal_cortex.o
 .text.HAL_MPU_Disable
                0x00000000       0x1c ./system/src/stm32f4-hal/stm32f4xx_hal_cortex.o
 .text.HAL_MPU_Enable
                0x00000000       0x20 ./system/src/stm32f4-hal/stm32f4xx_hal_cortex.o
 .text.HAL_MPU_ConfigRegion
                0x00000000       0x58 ./system/src/stm32f4-hal/stm32f4xx_hal_cortex.o
 .text.HAL_NVIC_GetPriorityGrouping
                0x00000000       0x10 ./system/src/stm32f4-hal/stm32f4xx_hal_cortex.o
 .text.HAL_NVIC_GetPriority
                0x00000000       0x58 ./system/src/stm32f4-hal/stm32f4xx_hal_cortex.o
 .text.HAL_NVIC_SetPendingIRQ
                0x00000000       0x1c ./system/src/stm32f4-hal/stm32f4xx_hal_cortex.o
 .text.HAL_NVIC_GetPendingIRQ
                0x00000000       0x24 ./system/src/stm32f4-hal/stm32f4xx_hal_cortex.o
 .text.HAL_NVIC_ClearPendingIRQ
                0x00000000       0x1c ./system/src/stm32f4-hal/stm32f4xx_hal_cortex.o
 .text.HAL_NVIC_GetActive
                0x00000000       0x24 ./system/src/stm32f4-hal/stm32f4xx_hal_cortex.o
 .text.HAL_SYSTICK_Callback
                0x00000000        0x2 ./system/src/stm32f4-hal/stm32f4xx_hal_cortex.o
 .text.HAL_SYSTICK_IRQHandler
                0x00000000        0x8 ./system/src/stm32f4-hal/stm32f4xx_hal_cortex.o
 .text          0x00000000        0x0 ./system/src/stm32f4-hal/stm32f4xx_hal_flash.o
 .data          0x00000000        0x0 ./system/src/stm32f4-hal/stm32f4xx_hal_flash.o
 .bss           0x00000000        0x0 ./system/src/stm32f4-hal/stm32f4xx_hal_flash.o
 .text.FLASH_Program_DoubleWord
                0x00000000       0x2c ./system/src/stm32f4-hal/stm32f4xx_hal_flash.o
 .text.FLASH_Program_Word
                0x00000000       0x24 ./system/src/stm32f4-hal/stm32f4xx_hal_flash.o
 .text.FLASH_Program_HalfWord
                0x00000000       0x24 ./system/src/stm32f4-hal/stm32f4xx_hal_flash.o
 .text.FLASH_SetErrorCode
                0x00000000       0x74 ./system/src/stm32f4-hal/stm32f4xx_hal_flash.o
 .text.HAL_FLASH_Program_IT
                0x00000000       0x74 ./system/src/stm32f4-hal/stm32f4xx_hal_flash.o
 .text.HAL_FLASH_EndOfOperationCallback
                0x00000000        0x2 ./system/src/stm32f4-hal/stm32f4xx_hal_flash.o
 .text.HAL_FLASH_OperationErrorCallback
                0x00000000        0x2 ./system/src/stm32f4-hal/stm32f4xx_hal_flash.o
 .text.HAL_FLASH_IRQHandler
                0x00000000       0xc4 ./system/src/stm32f4-hal/stm32f4xx_hal_flash.o
 .text.HAL_FLASH_Unlock
                0x00000000       0x24 ./system/src/stm32f4-hal/stm32f4xx_hal_flash.o
 .text.HAL_FLASH_Lock
                0x00000000       0x14 ./system/src/stm32f4-hal/stm32f4xx_hal_flash.o
 .text.HAL_FLASH_OB_Unlock
                0x00000000       0x24 ./system/src/stm32f4-hal/stm32f4xx_hal_flash.o
 .text.HAL_FLASH_OB_Lock
                0x00000000       0x14 ./system/src/stm32f4-hal/stm32f4xx_hal_flash.o
 .text.HAL_FLASH_GetError
                0x00000000        0xc ./system/src/stm32f4-hal/stm32f4xx_hal_flash.o
 .text.FLASH_WaitForLastOperation
                0x00000000       0x50 ./system/src/stm32f4-hal/stm32f4xx_hal_flash.o
 .text.HAL_FLASH_Program
                0x00000000       0x8c ./system/src/stm32f4-hal/stm32f4xx_hal_flash.o
 .text.HAL_FLASH_OB_Launch
                0x00000000       0x18 ./system/src/stm32f4-hal/stm32f4xx_hal_flash.o
 .bss.pFlash    0x00000000       0x20 ./system/src/stm32f4-hal/stm32f4xx_hal_flash.o
 .debug_info    0x00000000      0x6f5 ./system/src/stm32f4-hal/stm32f4xx_hal_flash.o
 .debug_abbrev  0x00000000      0x321 ./system/src/stm32f4-hal/stm32f4xx_hal_flash.o
 .debug_loclists
                0x00000000      0x208 ./system/src/stm32f4-hal/stm32f4xx_hal_flash.o
 .debug_aranges
                0x00000000       0x90 ./system/src/stm32f4-hal/stm32f4xx_hal_flash.o
 .debug_rnglists
                0x00000000       0x81 ./system/src/stm32f4-hal/stm32f4xx_hal_flash.o
 .debug_line    0x00000000      0x709 ./system/src/stm32f4-hal/stm32f4xx_hal_flash.o
 .debug_str     0x00000000      0x53a ./system/src/stm32f4-hal/stm32f4xx_hal_flash.o
 .comment       0x00000000       0x58 ./system/src/stm32f4-hal/stm32f4xx_hal_flash.o
 .debug_frame   0x00000000      0x150 ./system/src/stm32f4-hal/stm32f4xx_hal_flash.o
 .ARM.attributes
                0x00000000       0x2e ./system/src/stm32f4-hal/stm32f4xx_hal_flash.o
 .text          0x00000000        0x0 ./system/src/stm32f4-hal/stm32f4xx_hal_flash_ex.o
 .data          0x00000000        0x0 ./system/src/stm32f4-hal/stm32f4xx_hal_flash_ex.o
 .bss           0x00000000        0x0 ./system/src/stm32f4-hal/stm32f4xx_hal_flash_ex.o
 .text.FLASH_MassErase.constprop.0
                0x00000000       0x24 ./system/src/stm32f4-hal/stm32f4xx_hal_flash_ex.o
 .text.HAL_FLASHEx_OBProgram
                0x00000000       0xb0 ./system/src/stm32f4-hal/stm32f4xx_hal_flash_ex.o
 .text.HAL_FLASHEx_OBGetConfig
                0x00000000       0x34 ./system/src/stm32f4-hal/stm32f4xx_hal_flash_ex.o
 .text.FLASH_Erase_Sector
                0x00000000       0x3c ./system/src/stm32f4-hal/stm32f4xx_hal_flash_ex.o
 .text.HAL_FLASHEx_Erase_IT
                0x00000000       0x60 ./system/src/stm32f4-hal/stm32f4xx_hal_flash_ex.o
 .text.FLASH_FlushCaches
                0x00000000       0x58 ./system/src/stm32f4-hal/stm32f4xx_hal_flash_ex.o
 .text.HAL_FLASHEx_Erase
                0x00000000       0xa0 ./system/src/stm32f4-hal/stm32f4xx_hal_flash_ex.o
 .debug_info    0x00000000      0x899 ./system/src/stm32f4-hal/stm32f4xx_hal_flash_ex.o
 .debug_abbrev  0x00000000      0x313 ./system/src/stm32f4-hal/stm32f4xx_hal_flash_ex.o
 .debug_loclists
                0x00000000      0x2a8 ./system/src/stm32f4-hal/stm32f4xx_hal_flash_ex.o
 .debug_aranges
                0x00000000       0x50 ./system/src/stm32f4-hal/stm32f4xx_hal_flash_ex.o
 .debug_rnglists
                0x00000000       0x6c ./system/src/stm32f4-hal/stm32f4xx_hal_flash_ex.o
 .debug_line    0x00000000      0x600 ./system/src/stm32f4-hal/stm32f4xx_hal_flash_ex.o
 .debug_str     0x00000000      0x595 ./system/src/stm32f4-hal/stm32f4xx_hal_flash_ex.o
 .comment       0x00000000       0x58 ./system/src/stm32f4-hal/stm32f4xx_hal_flash_ex.o
 .debug_frame   0x00000000       0xa8 ./system/src/stm32f4-hal/stm32f4xx_hal_flash_ex.o
 .ARM.attributes
                0x00000000       0x2e ./system/src/stm32f4-hal/stm32f4xx_hal_flash_ex.o
 .text          0x00000000        0x0 ./system/src/stm32f4-hal/stm32f4xx_hal_flash_ramfunc.o
 .data          0x00000000        0x0 ./system/src/stm32f4-hal/stm32f4xx_hal_flash_ramfunc.o
 .bss           0x00000000        0x0 ./system/src/stm32f4-hal/stm32f4xx_hal_flash_ramfunc.o
 .debug_info    0x00000000       0x6c ./system/src/stm32f4-hal/stm32f4xx_hal_flash_ramfunc.o
 .debug_abbrev  0x00000000       0x26 ./system/src/stm32f4-hal/stm32f4xx_hal_flash_ramfunc.o
 .debug_aranges
                0x00000000       0x18 ./system/src/stm32f4-hal/stm32f4xx_hal_flash_ramfunc.o
 .debug_line    0x00000000       0x1d ./system/src/stm32f4-hal/stm32f4xx_hal_flash_ramfunc.o
 .debug_str     0x00000000      0x1d5 ./system/src/stm32f4-hal/stm32f4xx_hal_flash_ramfunc.o
 .comment       0x00000000       0x58 ./system/src/stm32f4-hal/stm32f4xx_hal_flash_ramfunc.o
 .ARM.attributes
                0x00000000       0x2e ./system/src/stm32f4-hal/stm32f4xx_hal_flash_ramfunc.o
 .text          0x00000000        0x0 ./system/src/stm32f4-hal/stm32f4xx_hal_gpio.o
 .data          0x00000000        0x0 ./system/src/stm32f4-hal/stm32f4xx_hal_gpio.o
 .bss           0x00000000        0x0 ./system/src/stm32f4-hal/stm32f4xx_hal_gpio.o
 .text.HAL_GPIO_DeInit
                0x00000000      0x124 ./system/src/stm32f4-hal/stm32f4xx_hal_gpio.o
 .text.HAL_GPIO_ReadPin
                0x00000000        0xc ./system/src/stm32f4-hal/stm32f4xx_hal_gpio.o
 .text.HAL_GPIO_TogglePin
                0x00000000        0xe ./system/src/stm32f4-hal/stm32f4xx_hal_gpio.o
 .text.HAL_GPIO_LockPin
                0x00000000       0x2a ./system/src/stm32f4-hal/stm32f4xx_hal_gpio.o
 .text.HAL_GPIO_EXTI_Callback
                0x00000000        0x2 ./system/src/stm32f4-hal/stm32f4xx_hal_gpio.o
 .text.HAL_GPIO_EXTI_IRQHandler
                0x00000000       0x18 ./system/src/stm32f4-hal/stm32f4xx_hal_gpio.o
 .text          0x00000000        0x0 ./system/src/stm32f4-hal/stm32f4xx_hal_iwdg.o
 .data          0x00000000        0x0 ./system/src/stm32f4-hal/stm32f4xx_hal_iwdg.o
 .bss           0x00000000        0x0 ./system/src/stm32f4-hal/stm32f4xx_hal_iwdg.o
 .text.HAL_IWDG_Init
                0x00000000       0x42 ./system/src/stm32f4-hal/stm32f4xx_hal_iwdg.o
 .text.HAL_IWDG_Refresh
                0x00000000        0xc ./system/src/stm32f4-hal/stm32f4xx_hal_iwdg.o
 .debug_info    0x00000000      0x1e9 ./system/src/stm32f4-hal/stm32f4xx_hal_iwdg.o
 .debug_abbrev  0x00000000      0x139 ./system/src/stm32f4-hal/stm32f4xx_hal_iwdg.o
 .debug_loclists
                0x00000000       0x60 ./system/src/stm32f4-hal/stm32f4xx_hal_iwdg.o
 .debug_aranges
                0x00000000       0x28 ./system/src/stm32f4-hal/stm32f4xx_hal_iwdg.o
 .debug_rnglists
                0x00000000       0x19 ./system/src/stm32f4-hal/stm32f4xx_hal_iwdg.o
 .debug_line    0x00000000      0x1e2 ./system/src/stm32f4-hal/stm32f4xx_hal_iwdg.o
 .debug_str     0x00000000      0x298 ./system/src/stm32f4-hal/stm32f4xx_hal_iwdg.o
 .comment       0x00000000       0x58 ./system/src/stm32f4-hal/stm32f4xx_hal_iwdg.o
 .debug_frame   0x00000000       0x3c ./system/src/stm32f4-hal/stm32f4xx_hal_iwdg.o
 .ARM.attributes
                0x00000000       0x2e ./system/src/stm32f4-hal/stm32f4xx_hal_iwdg.o
 .text          0x00000000        0x0 ./system/src/stm32f4-hal/stm32f4xx_hal_pwr.o
 .data          0x00000000        0x0 ./system/src/stm32f4-hal/stm32f4xx_hal_pwr.o
 .bss           0x00000000        0x0 ./system/src/stm32f4-hal/stm32f4xx_hal_pwr.o
 .text.HAL_PWR_DeInit
                0x00000000       0x18 ./system/src/stm32f4-hal/stm32f4xx_hal_pwr.o
 .text.HAL_PWR_EnableBkUpAccess
                0x00000000        0xc ./system/src/stm32f4-hal/stm32f4xx_hal_pwr.o
 .text.HAL_PWR_DisableBkUpAccess
                0x00000000        0xc ./system/src/stm32f4-hal/stm32f4xx_hal_pwr.o
 .text.HAL_PWR_ConfigPVD
                0x00000000       0x70 ./system/src/stm32f4-hal/stm32f4xx_hal_pwr.o
 .text.HAL_PWR_EnablePVD
                0x00000000        0xc ./system/src/stm32f4-hal/stm32f4xx_hal_pwr.o
 .text.HAL_PWR_DisablePVD
                0x00000000        0xc ./system/src/stm32f4-hal/stm32f4xx_hal_pwr.o
 .text.HAL_PWR_EnableWakeUpPin
                0x00000000       0x10 ./system/src/stm32f4-hal/stm32f4xx_hal_pwr.o
 .text.HAL_PWR_DisableWakeUpPin
                0x00000000       0x10 ./system/src/stm32f4-hal/stm32f4xx_hal_pwr.o
 .text.HAL_PWR_EnterSLEEPMode
                0x00000000       0x20 ./system/src/stm32f4-hal/stm32f4xx_hal_pwr.o
 .text.HAL_PWR_EnterSTOPMode
                0x00000000       0x38 ./system/src/stm32f4-hal/stm32f4xx_hal_pwr.o
 .text.HAL_PWR_EnterSTANDBYMode
                0x00000000       0x20 ./system/src/stm32f4-hal/stm32f4xx_hal_pwr.o
 .text.HAL_PWR_PVDCallback
                0x00000000        0x2 ./system/src/stm32f4-hal/stm32f4xx_hal_pwr.o
 .text.HAL_PWR_PVD_IRQHandler
                0x00000000       0x1c ./system/src/stm32f4-hal/stm32f4xx_hal_pwr.o
 .text.HAL_PWR_EnableSleepOnExit
                0x00000000       0x10 ./system/src/stm32f4-hal/stm32f4xx_hal_pwr.o
 .text.HAL_PWR_DisableSleepOnExit
                0x00000000       0x10 ./system/src/stm32f4-hal/stm32f4xx_hal_pwr.o
 .text.HAL_PWR_EnableSEVOnPend
                0x00000000       0x10 ./system/src/stm32f4-hal/stm32f4xx_hal_pwr.o
 .text.HAL_PWR_DisableSEVOnPend
                0x00000000       0x10 ./system/src/stm32f4-hal/stm32f4xx_hal_pwr.o
 .debug_info    0x00000000      0x6c3 ./system/src/stm32f4-hal/stm32f4xx_hal_pwr.o
 .debug_abbrev  0x00000000      0x18b ./system/src/stm32f4-hal/stm32f4xx_hal_pwr.o
 .debug_loclists
                0x00000000       0x23 ./system/src/stm32f4-hal/stm32f4xx_hal_pwr.o
 .debug_aranges
                0x00000000       0xa0 ./system/src/stm32f4-hal/stm32f4xx_hal_pwr.o
 .debug_rnglists
                0x00000000       0x73 ./system/src/stm32f4-hal/stm32f4xx_hal_pwr.o
 .debug_line    0x00000000      0x361 ./system/src/stm32f4-hal/stm32f4xx_hal_pwr.o
 .debug_str     0x00000000      0x53d ./system/src/stm32f4-hal/stm32f4xx_hal_pwr.o
 .comment       0x00000000       0x58 ./system/src/stm32f4-hal/stm32f4xx_hal_pwr.o
 .debug_frame   0x00000000      0x128 ./system/src/stm32f4-hal/stm32f4xx_hal_pwr.o
 .ARM.attributes
                0x00000000       0x2e ./system/src/stm32f4-hal/stm32f4xx_hal_pwr.o
 .text          0x00000000        0x0 ./system/src/stm32f4-hal/stm32f4xx_hal_rcc.o
 .data          0x00000000        0x0 ./system/src/stm32f4-hal/stm32f4xx_hal_rcc.o
 .bss           0x00000000        0x0 ./system/src/stm32f4-hal/stm32f4xx_hal_rcc.o
 .text.HAL_RCC_DeInit
                0x00000000        0x4 ./system/src/stm32f4-hal/stm32f4xx_hal_rcc.o
 .text.HAL_RCC_MCOConfig
                0x00000000       0x98 ./system/src/stm32f4-hal/stm32f4xx_hal_rcc.o
 .text.HAL_RCC_EnableCSS
                0x00000000        0xc ./system/src/stm32f4-hal/stm32f4xx_hal_rcc.o
 .text.HAL_RCC_DisableCSS
                0x00000000        0xc ./system/src/stm32f4-hal/stm32f4xx_hal_rcc.o
 .text.HAL_RCC_GetPCLK1Freq
                0x00000000       0x20 ./system/src/stm32f4-hal/stm32f4xx_hal_rcc.o
 .text.HAL_RCC_GetPCLK2Freq
                0x00000000       0x20 ./system/src/stm32f4-hal/stm32f4xx_hal_rcc.o
 .text.HAL_RCC_GetOscConfig
                0x00000000       0x84 ./system/src/stm32f4-hal/stm32f4xx_hal_rcc.o
 .text.HAL_RCC_GetClockConfig
                0x00000000       0x3c ./system/src/stm32f4-hal/stm32f4xx_hal_rcc.o
 .text.HAL_RCC_CSSCallback
                0x00000000        0x2 ./system/src/stm32f4-hal/stm32f4xx_hal_rcc.o
 .text.HAL_RCC_NMI_IRQHandler
                0x00000000       0x18 ./system/src/stm32f4-hal/stm32f4xx_hal_rcc.o
 .text          0x00000000        0x0 ./system/src/newlib/assert.o
 .data          0x00000000        0x0 ./system/src/newlib/assert.o
 .bss           0x00000000        0x0 ./system/src/newlib/assert.o
 .text.__assert_func
                0x00000000        0x6 ./system/src/newlib/assert.o
 .debug_info    0x00000000      0x115 ./system/src/newlib/assert.o
 .debug_abbrev  0x00000000       0xb5 ./system/src/newlib/assert.o
 .debug_loclists
                0x00000000       0x68 ./system/src/newlib/assert.o
 .debug_aranges
                0x00000000       0x20 ./system/src/newlib/assert.o
 .debug_rnglists
                0x00000000       0x13 ./system/src/newlib/assert.o
 .debug_line    0x00000000       0xed ./system/src/newlib/assert.o
 .debug_str     0x00000000      0x202 ./system/src/newlib/assert.o
 .comment       0x00000000       0x58 ./system/src/newlib/assert.o
 .debug_frame   0x00000000       0x28 ./system/src/newlib/assert.o
 .ARM.attributes
                0x00000000       0x2e ./system/src/newlib/assert.o
 .text          0x00000000        0x0 ./system/src/newlib/cxx.o
 .data          0x00000000        0x0 ./system/src/newlib/cxx.o
 .bss           0x00000000        0x0 ./system/src/newlib/cxx.o
 .text._ZN9__gnu_cxx27__verbose_terminate_handlerEv
                0x00000000        0x6 ./system/src/newlib/cxx.o
 .text.__cxa_pure_virtual
                0x00000000        0x6 ./system/src/newlib/cxx.o
 .debug_info    0x00000000      0x746 ./system/src/newlib/cxx.o
 .debug_abbrev  0x00000000      0x214 ./system/src/newlib/cxx.o
 .debug_aranges
                0x00000000       0x20 ./system/src/newlib/cxx.o
 .debug_rnglists
                0x00000000       0x13 ./system/src/newlib/cxx.o
 .debug_line    0x00000000      0x2d5 ./system/src/newlib/cxx.o
 .debug_str     0x00000000      0x3f7 ./system/src/newlib/cxx.o
 .comment       0x00000000       0x58 ./system/src/newlib/cxx.o
 .debug_frame   0x00000000       0x40 ./system/src/newlib/cxx.o
 .ARM.attributes
                0x00000000       0x2e ./system/src/newlib/cxx.o
 .text          0x00000000        0x0 ./system/src/newlib/exit.o
 .data          0x00000000        0x0 ./system/src/newlib/exit.o
 .bss           0x00000000        0x0 ./system/src/newlib/exit.o
 .text.abort    0x00000000        0x8 ./system/src/newlib/exit.o
 .text          0x00000000        0x0 ./system/src/newlib/sbrk.o
 .data          0x00000000        0x0 ./system/src/newlib/sbrk.o
 .bss           0x00000000        0x0 ./system/src/newlib/sbrk.o
 .text._sbrk    0x00000000       0x3c ./system/src/newlib/sbrk.o
 .bss.current_heap_end.0
                0x00000000        0x4 ./system/src/newlib/sbrk.o
 .debug_info    0x00000000      0x10b ./system/src/newlib/sbrk.o
 .debug_abbrev  0x00000000       0xca ./system/src/newlib/sbrk.o
 .debug_loclists
                0x00000000       0x56 ./system/src/newlib/sbrk.o
 .debug_aranges
                0x00000000       0x20 ./system/src/newlib/sbrk.o
 .debug_rnglists
                0x00000000       0x13 ./system/src/newlib/sbrk.o
 .debug_line    0x00000000      0x126 ./system/src/newlib/sbrk.o
 .debug_str     0x00000000      0x218 ./system/src/newlib/sbrk.o
 .comment       0x00000000       0x58 ./system/src/newlib/sbrk.o
 .debug_frame   0x00000000       0x28 ./system/src/newlib/sbrk.o
 .ARM.attributes
                0x00000000       0x2e ./system/src/newlib/sbrk.o
 .text          0x00000000        0x0 ./system/src/newlib/startup.o
 .data          0x00000000        0x0 ./system/src/newlib/startup.o
 .bss           0x00000000        0x0 ./system/src/newlib/startup.o
 .text.__initialize_data
                0x00000000       0x10 ./system/src/newlib/startup.o
 .text.__initialize_bss
                0x00000000        0xe ./system/src/newlib/startup.o
 .text.__run_init_array
                0x00000000       0x44 ./system/src/newlib/startup.o
 .text.__run_fini_array
                0x00000000       0x24 ./system/src/newlib/startup.o
 .text          0x00000000        0x0 ./system/src/newlib/syscalls.o
 .data          0x00000000        0x0 ./system/src/newlib/syscalls.o
 .bss           0x00000000        0x0 ./system/src/newlib/syscalls.o
 .text.raise    0x00000000       0x10 ./system/src/newlib/syscalls.o
 .text.kill     0x00000000       0x10 ./system/src/newlib/syscalls.o
 .bss.__dso_handle
                0x00000000        0x4 ./system/src/newlib/syscalls.o
 .bss.errno     0x00000000        0x4 ./system/src/newlib/syscalls.o
 .text          0x00000000        0x0 ./system/src/diag/trace-impl.o
 .data          0x00000000        0x0 ./system/src/diag/trace-impl.o
 .bss           0x00000000        0x0 ./system/src/diag/trace-impl.o
 .debug_line    0x00000000        0x0 ./system/src/diag/trace-impl.o
 .debug_str     0x00000000      0x12d ./system/src/diag/trace-impl.o
 .comment       0x00000000       0x58 ./system/src/diag/trace-impl.o
 .ARM.attributes
                0x00000000       0x2e ./system/src/diag/trace-impl.o
 .text          0x00000000        0x0 ./system/src/diag/trace.o
 .data          0x00000000        0x0 ./system/src/diag/trace.o
 .bss           0x00000000        0x0 ./system/src/diag/trace.o
 .debug_line    0x00000000        0x0 ./system/src/diag/trace.o
 .debug_str     0x00000000      0x128 ./system/src/diag/trace.o
 .comment       0x00000000       0x58 ./system/src/diag/trace.o
 .ARM.attributes
                0x00000000       0x2e ./system/src/diag/trace.o
 .text          0x00000000        0x0 ./system/src/cortexm/exception-handlers.o
 .data          0x00000000        0x0 ./system/src/cortexm/exception-handlers.o
 .bss           0x00000000        0x0 ./system/src/cortexm/exception-handlers.o
 .text          0x00000000        0x0 ./system/src/cortexm/initialize-hardware.o
 .data          0x00000000        0x0 ./system/src/cortexm/initialize-hardware.o
 .bss           0x00000000        0x0 ./system/src/cortexm/initialize-hardware.o
 .text.__initialize_hardware
                0x00000000        0x4 ./system/src/cortexm/initialize-hardware.o
 .text          0x00000000        0x0 ./system/src/cortexm/reset-hardware.o
 .data          0x00000000        0x0 ./system/src/cortexm/reset-hardware.o
 .bss           0x00000000        0x0 ./system/src/cortexm/reset-hardware.o
 .text          0x00000000        0x0 ./system/src/cmsis/system_stm32f4xx.o
 .data          0x00000000        0x0 ./system/src/cmsis/system_stm32f4xx.o
 .bss           0x00000000        0x0 ./system/src/cmsis/system_stm32f4xx.o
 .rodata.APBPrescTable
                0x00000000        0x8 ./system/src/cmsis/system_stm32f4xx.o
 .text          0x00000000        0x0 ./system/src/cmsis/vectors_stm32f407xx.o
 .data          0x00000000        0x0 ./system/src/cmsis/vectors_stm32f407xx.o
 .bss           0x00000000        0x0 ./system/src/cmsis/vectors_stm32f407xx.o
 .text          0x00000000        0x0 ./src/initialize-hardware.o
 .data          0x00000000        0x0 ./src/initialize-hardware.o
 .bss           0x00000000        0x0 ./src/initialize-hardware.o
 .text          0x00000000        0x0 ./src/led.o
 .data          0x00000000        0x0 ./src/led.o
 .bss           0x00000000        0x0 ./src/led.o
 .text          0x00000000        0x0 ./src/main.o
 .data          0x00000000        0x0 ./src/main.o
 .bss           0x00000000        0x0 ./src/main.o
 .text          0x00000000        0x0 ./src/stm32f4xx_hal_msp.o
 .data          0x00000000        0x0 ./src/stm32f4xx_hal_msp.o
 .bss           0x00000000        0x0 ./src/stm32f4xx_hal_msp.o
 .text.HAL_MspDeInit
                0x00000000        0x2 ./src/stm32f4xx_hal_msp.o
 .text.HAL_PPP_MspInit
                0x00000000        0x2 ./src/stm32f4xx_hal_msp.o
 .text.HAL_PPP_MspDeInit
                0x00000000        0x2 ./src/stm32f4xx_hal_msp.o
 .text          0x00000000        0x0 ./src/timer.o
 .data          0x00000000        0x0 ./src/timer.o
 .bss           0x00000000        0x0 ./src/timer.o
 .text          0x00000000        0x0 ./src/write.o
 .data          0x00000000        0x0 ./src/write.o
 .bss           0x00000000        0x0 ./src/write.o
 .debug_line    0x00000000        0x0 ./src/write.o
 .debug_str     0x00000000      0x11c ./src/write.o
 .comment       0x00000000       0x58 ./src/write.o
 .ARM.attributes
                0x00000000       0x2e ./src/write.o
 .text          0x00000000       0xa0 c:/program files (x86)/arm gnu toolchain arm-none-eabi/11.2 2022.02/bin/../lib/gcc/arm-none-eabi/11.2.1/thumb/v7e-m/nofp\libgcc.a(_aeabi_ldivmod.o)
 .data          0x00000000        0x0 c:/program files (x86)/arm gnu toolchain arm-none-eabi/11.2 2022.02/bin/../lib/gcc/arm-none-eabi/11.2.1/thumb/v7e-m/nofp\libgcc.a(_aeabi_ldivmod.o)
 .bss           0x00000000        0x0 c:/program files (x86)/arm gnu toolchain arm-none-eabi/11.2 2022.02/bin/../lib/gcc/arm-none-eabi/11.2.1/thumb/v7e-m/nofp\libgcc.a(_aeabi_ldivmod.o)
 .debug_line    0x00000000       0x6c c:/program files (x86)/arm gnu toolchain arm-none-eabi/11.2 2022.02/bin/../lib/gcc/arm-none-eabi/11.2.1/thumb/v7e-m/nofp\libgcc.a(_aeabi_ldivmod.o)
 .debug_line_str
                0x00000000       0x9e c:/program files (x86)/arm gnu toolchain arm-none-eabi/11.2 2022.02/bin/../lib/gcc/arm-none-eabi/11.2.1/thumb/v7e-m/nofp\libgcc.a(_aeabi_ldivmod.o)
 .debug_info    0x00000000       0x25 c:/program files (x86)/arm gnu toolchain arm-none-eabi/11.2 2022.02/bin/../lib/gcc/arm-none-eabi/11.2.1/thumb/v7e-m/nofp\libgcc.a(_aeabi_ldivmod.o)
 .debug_abbrev  0x00000000       0x14 c:/program files (x86)/arm gnu toolchain arm-none-eabi/11.2 2022.02/bin/../lib/gcc/arm-none-eabi/11.2.1/thumb/v7e-m/nofp\libgcc.a(_aeabi_ldivmod.o)
 .debug_aranges
                0x00000000       0x20 c:/program files (x86)/arm gnu toolchain arm-none-eabi/11.2 2022.02/bin/../lib/gcc/arm-none-eabi/11.2.1/thumb/v7e-m/nofp\libgcc.a(_aeabi_ldivmod.o)
 .debug_str     0x00000000       0x8b c:/program files (x86)/arm gnu toolchain arm-none-eabi/11.2 2022.02/bin/../lib/gcc/arm-none-eabi/11.2.1/thumb/v7e-m/nofp\libgcc.a(_aeabi_ldivmod.o)
 .debug_frame   0x00000000       0x44 c:/program files (x86)/arm gnu toolchain arm-none-eabi/11.2 2022.02/bin/../lib/gcc/arm-none-eabi/11.2.1/thumb/v7e-m/nofp\libgcc.a(_aeabi_ldivmod.o)
 .ARM.attributes
                0x00000000       0x1e c:/program files (x86)/arm gnu toolchain arm-none-eabi/11.2 2022.02/bin/../lib/gcc/arm-none-eabi/11.2.1/thumb/v7e-m/nofp\libgcc.a(_aeabi_ldivmod.o)
 .data          0x00000000        0x0 c:/program files (x86)/arm gnu toolchain arm-none-eabi/11.2 2022.02/bin/../lib/gcc/arm-none-eabi/11.2.1/thumb/v7e-m/nofp\libgcc.a(_aeabi_uldivmod.o)
 .bss           0x00000000        0x0 c:/program files (x86)/arm gnu toolchain arm-none-eabi/11.2 2022.02/bin/../lib/gcc/arm-none-eabi/11.2.1/thumb/v7e-m/nofp\libgcc.a(_aeabi_uldivmod.o)
 .text          0x00000000        0x0 c:/program files (x86)/arm gnu toolchain arm-none-eabi/11.2 2022.02/bin/../lib/gcc/arm-none-eabi/11.2.1/thumb/v7e-m/nofp\libgcc.a(_udivmoddi4.o)
 .data          0x00000000        0x0 c:/program files (x86)/arm gnu toolchain arm-none-eabi/11.2 2022.02/bin/../lib/gcc/arm-none-eabi/11.2.1/thumb/v7e-m/nofp\libgcc.a(_udivmoddi4.o)
 .bss           0x00000000        0x0 c:/program files (x86)/arm gnu toolchain arm-none-eabi/11.2 2022.02/bin/../lib/gcc/arm-none-eabi/11.2.1/thumb/v7e-m/nofp\libgcc.a(_udivmoddi4.o)
 .ARM.extab.text.__udivmoddi4
                0x00000000        0x0 c:/program files (x86)/arm gnu toolchain arm-none-eabi/11.2 2022.02/bin/../lib/gcc/arm-none-eabi/11.2.1/thumb/v7e-m/nofp\libgcc.a(_udivmoddi4.o)
 .data          0x00000000        0x0 c:/program files (x86)/arm gnu toolchain arm-none-eabi/11.2 2022.02/bin/../lib/gcc/arm-none-eabi/11.2.1/thumb/v7e-m/nofp\libgcc.a(_dvmd_tls.o)
 .bss           0x00000000        0x0 c:/program files (x86)/arm gnu toolchain arm-none-eabi/11.2 2022.02/bin/../lib/gcc/arm-none-eabi/11.2.1/thumb/v7e-m/nofp\libgcc.a(_dvmd_tls.o)
 .text          0x00000000        0x0 c:/program files (x86)/arm gnu toolchain arm-none-eabi/11.2 2022.02/bin/../lib/gcc/arm-none-eabi/11.2.1/thumb/v7e-m/nofp\libg_nano.a(lib_a-errno.o)
 .data          0x00000000        0x0 c:/program files (x86)/arm gnu toolchain arm-none-eabi/11.2 2022.02/bin/../lib/gcc/arm-none-eabi/11.2.1/thumb/v7e-m/nofp\libg_nano.a(lib_a-errno.o)
 .bss           0x00000000        0x0 c:/program files (x86)/arm gnu toolchain arm-none-eabi/11.2 2022.02/bin/../lib/gcc/arm-none-eabi/11.2.1/thumb/v7e-m/nofp\libg_nano.a(lib_a-errno.o)
 .text.__errno  0x00000000        0xc c:/program files (x86)/arm gnu toolchain arm-none-eabi/11.2 2022.02/bin/../lib/gcc/arm-none-eabi/11.2.1/thumb/v7e-m/nofp\libg_nano.a(lib_a-errno.o)
 .debug_info    0x00000000      0x751 c:/program files (x86)/arm gnu toolchain arm-none-eabi/11.2 2022.02/bin/../lib/gcc/arm-none-eabi/11.2.1/thumb/v7e-m/nofp\libg_nano.a(lib_a-errno.o)
 .debug_abbrev  0x00000000      0x15e c:/program files (x86)/arm gnu toolchain arm-none-eabi/11.2 2022.02/bin/../lib/gcc/arm-none-eabi/11.2.1/thumb/v7e-m/nofp\libg_nano.a(lib_a-errno.o)
 .debug_aranges
                0x00000000       0x20 c:/program files (x86)/arm gnu toolchain arm-none-eabi/11.2 2022.02/bin/../lib/gcc/arm-none-eabi/11.2.1/thumb/v7e-m/nofp\libg_nano.a(lib_a-errno.o)
 .debug_rnglists
                0x00000000       0x13 c:/program files (x86)/arm gnu toolchain arm-none-eabi/11.2 2022.02/bin/../lib/gcc/arm-none-eabi/11.2.1/thumb/v7e-m/nofp\libg_nano.a(lib_a-errno.o)
 .debug_line    0x00000000      0x17d c:/program files (x86)/arm gnu toolchain arm-none-eabi/11.2 2022.02/bin/../lib/gcc/arm-none-eabi/11.2.1/thumb/v7e-m/nofp\libg_nano.a(lib_a-errno.o)
 .debug_str     0x00000000      0x56d c:/program files (x86)/arm gnu toolchain arm-none-eabi/11.2 2022.02/bin/../lib/gcc/arm-none-eabi/11.2.1/thumb/v7e-m/nofp\libg_nano.a(lib_a-errno.o)
 .comment       0x00000000       0x58 c:/program files (x86)/arm gnu toolchain arm-none-eabi/11.2 2022.02/bin/../lib/gcc/arm-none-eabi/11.2.1/thumb/v7e-m/nofp\libg_nano.a(lib_a-errno.o)
 .debug_frame   0x00000000       0x20 c:/program files (x86)/arm gnu toolchain arm-none-eabi/11.2 2022.02/bin/../lib/gcc/arm-none-eabi/11.2.1/thumb/v7e-m/nofp\libg_nano.a(lib_a-errno.o)
 .ARM.attributes
                0x00000000       0x2e c:/program files (x86)/arm gnu toolchain arm-none-eabi/11.2 2022.02/bin/../lib/gcc/arm-none-eabi/11.2.1/thumb/v7e-m/nofp\libg_nano.a(lib_a-errno.o)
 .text          0x00000000        0x0 c:/program files (x86)/arm gnu toolchain arm-none-eabi/11.2 2022.02/bin/../lib/gcc/arm-none-eabi/11.2.1/thumb/v7e-m/nofp\libg_nano.a(lib_a-impure.o)
 .data          0x00000000        0x0 c:/program files (x86)/arm gnu toolchain arm-none-eabi/11.2 2022.02/bin/../lib/gcc/arm-none-eabi/11.2.1/thumb/v7e-m/nofp\libg_nano.a(lib_a-impure.o)
 .bss           0x00000000        0x0 c:/program files (x86)/arm gnu toolchain arm-none-eabi/11.2 2022.02/bin/../lib/gcc/arm-none-eabi/11.2.1/thumb/v7e-m/nofp\libg_nano.a(lib_a-impure.o)
 .data._impure_ptr
                0x00000000        0x4 c:/program files (x86)/arm gnu toolchain arm-none-eabi/11.2 2022.02/bin/../lib/gcc/arm-none-eabi/11.2.1/thumb/v7e-m/nofp\libg_nano.a(lib_a-impure.o)
 .data.impure_data
                0x00000000       0x60 c:/program files (x86)/arm gnu toolchain arm-none-eabi/11.2 2022.02/bin/../lib/gcc/arm-none-eabi/11.2.1/thumb/v7e-m/nofp\libg_nano.a(lib_a-impure.o)
 .rodata._global_impure_ptr
                0x00000000        0x4 c:/program files (x86)/arm gnu toolchain arm-none-eabi/11.2 2022.02/bin/../lib/gcc/arm-none-eabi/11.2.1/thumb/v7e-m/nofp\libg_nano.a(lib_a-impure.o)
 .debug_info    0x00000000      0x7fc c:/program files (x86)/arm gnu toolchain arm-none-eabi/11.2 2022.02/bin/../lib/gcc/arm-none-eabi/11.2.1/thumb/v7e-m/nofp\libg_nano.a(lib_a-impure.o)
 .debug_abbrev  0x00000000      0x15a c:/program files (x86)/arm gnu toolchain arm-none-eabi/11.2 2022.02/bin/../lib/gcc/arm-none-eabi/11.2.1/thumb/v7e-m/nofp\libg_nano.a(lib_a-impure.o)
 .debug_aranges
                0x00000000       0x18 c:/program files (x86)/arm gnu toolchain arm-none-eabi/11.2 2022.02/bin/../lib/gcc/arm-none-eabi/11.2.1/thumb/v7e-m/nofp\libg_nano.a(lib_a-impure.o)
 .debug_line    0x00000000      0x15b c:/program files (x86)/arm gnu toolchain arm-none-eabi/11.2 2022.02/bin/../lib/gcc/arm-none-eabi/11.2.1/thumb/v7e-m/nofp\libg_nano.a(lib_a-impure.o)
 .debug_str     0x00000000      0x5c4 c:/program files (x86)/arm gnu toolchain arm-none-eabi/11.2 2022.02/bin/../lib/gcc/arm-none-eabi/11.2.1/thumb/v7e-m/nofp\libg_nano.a(lib_a-impure.o)
 .comment       0x00000000       0x58 c:/program files (x86)/arm gnu toolchain arm-none-eabi/11.2 2022.02/bin/../lib/gcc/arm-none-eabi/11.2.1/thumb/v7e-m/nofp\libg_nano.a(lib_a-impure.o)
 .ARM.attributes
                0x00000000       0x2e c:/program files (x86)/arm gnu toolchain arm-none-eabi/11.2 2022.02/bin/../lib/gcc/arm-none-eabi/11.2.1/thumb/v7e-m/nofp\libg_nano.a(lib_a-impure.o)

Memory Configuration

Name             Origin             Length             Attributes
RAM              0x20000000         0x00020000         xrw
CCMRAM           0x10000000         0x00010000         xrw
FLASH            0x08000000         0x00080000         xr
FLASHB1          0x00000000         0x00000000         xr
EXTMEMB0         0x00000000         0x00000000         xr
EXTMEMB1         0x00000000         0x00000000         xr
EXTMEMB2         0x00000000         0x00000000         xr
EXTMEMB3         0x00000000         0x00000000         xr
MEMORY_ARRAY     0x20002000         0x00000020         xrw
*default*        0x00000000         0xffffffff

Linker script and memory map

LOAD ./system/src/stm32f4-hal/stm32f4xx_hal.o
LOAD ./system/src/stm32f4-hal/stm32f4xx_hal_cortex.o
LOAD ./system/src/stm32f4-hal/stm32f4xx_hal_flash.o
LOAD ./system/src/stm32f4-hal/stm32f4xx_hal_flash_ex.o
LOAD ./system/src/stm32f4-hal/stm32f4xx_hal_flash_ramfunc.o
LOAD ./system/src/stm32f4-hal/stm32f4xx_hal_gpio.o
LOAD ./system/src/stm32f4-hal/stm32f4xx_hal_iwdg.o
LOAD ./system/src/stm32f4-hal/stm32f4xx_hal_pwr.o
LOAD ./system/src/stm32f4-hal/stm32f4xx_hal_rcc.o
LOAD ./system/src/newlib/assert.o
LOAD ./system/src/newlib/cxx.o
LOAD ./system/src/newlib/exit.o
LOAD ./system/src/newlib/sbrk.o
LOAD ./system/src/newlib/startup.o
LOAD ./system/src/newlib/syscalls.o
LOAD ./system/src/diag/trace-impl.o
LOAD ./system/src/diag/trace.o
LOAD ./system/src/cortexm/exception-handlers.o
LOAD ./system/src/cortexm/initialize-hardware.o
LOAD ./system/src/cortexm/reset-hardware.o
LOAD ./system/src/cmsis/system_stm32f4xx.o
LOAD ./system/src/cmsis/vectors_stm32f407xx.o
LOAD ./src/initialize-hardware.o
LOAD ./src/led.o
LOAD ./src/main.o
LOAD ./src/stm32f4xx_hal_msp.o
LOAD ./src/timer.o
LOAD ./src/write.o
LOAD c:/program files (x86)/arm gnu toolchain arm-none-eabi/11.2 2022.02/bin/../lib/gcc/arm-none-eabi/11.2.1/thumb/v7e-m/nofp\libstdc++_nano.a
LOAD c:/program files (x86)/arm gnu toolchain arm-none-eabi/11.2 2022.02/bin/../lib/gcc/arm-none-eabi/11.2.1/thumb/v7e-m/nofp\libm.a
START GROUP
LOAD c:/program files (x86)/arm gnu toolchain arm-none-eabi/11.2 2022.02/bin/../lib/gcc/arm-none-eabi/11.2.1/thumb/v7e-m/nofp\libgcc.a
LOAD c:/program files (x86)/arm gnu toolchain arm-none-eabi/11.2 2022.02/bin/../lib/gcc/arm-none-eabi/11.2.1/thumb/v7e-m/nofp\libg_nano.a
LOAD c:/program files (x86)/arm gnu toolchain arm-none-eabi/11.2 2022.02/bin/../lib/gcc/arm-none-eabi/11.2.1/thumb/v7e-m/nofp\libc_nano.a
END GROUP
START GROUP
LOAD c:/program files (x86)/arm gnu toolchain arm-none-eabi/11.2 2022.02/bin/../lib/gcc/arm-none-eabi/11.2.1/thumb/v7e-m/nofp\libgcc.a
LOAD c:/program files (x86)/arm gnu toolchain arm-none-eabi/11.2 2022.02/bin/../lib/gcc/arm-none-eabi/11.2.1/thumb/v7e-m/nofp\libc_nano.a
END GROUP
                0x20020000                __stack = (ORIGIN (RAM) + LENGTH (RAM))
                0x20020000                _estack = __stack
                0x00000400                __Main_Stack_Size = 0x400
                [!provide]                PROVIDE (_Main_Stack_Size = __Main_Stack_Size)
                0x2001fc00                __Main_Stack_Limit = (__stack - __Main_Stack_Size)
                [!provide]                PROVIDE (_Main_Stack_Limit = __Main_Stack_Limit)
                0x00000100                _Minimum_Stack_Size = 0x100
                0x20000020                PROVIDE (_Heap_Begin = _end_noinit)
                0x2001fc00                PROVIDE (_Heap_Limit = (__stack - __Main_Stack_Size))

.isr_vector     0x08000000      0x2ba
 FILL mask 0xff
                0x08000000                __vectors_start = ABSOLUTE (.)
                0x08000000                __vectors_start__ = ABSOLUTE (.)
 *(.isr_vector)
 .isr_vector    0x08000000      0x188 ./system/src/cmsis/vectors_stm32f407xx.o
                0x08000000                __isr_vectors
 *(.cfmconfig)
 *(.after_vectors .after_vectors.*)
 .after_vectors
                0x08000188       0xcc ./system/src/newlib/startup.o
                0x08000188                _start
 .after_vectors
                0x08000254       0x64 ./system/src/cortexm/exception-handlers.o
                0x08000254                Reset_Handler
                0x08000258                NMI_Handler
                0x0800025a                HardFault_Handler
                0x0800026e                HardFault_Handler_C
                0x08000270                MemManage_Handler
                0x08000272                BusFault_Handler
                0x08000286                BusFault_Handler_C
                0x08000288                UsageFault_Handler
                0x0800029c                UsageFault_Handler_C
                0x0800029e                SVC_Handler
                0x080002a0                DebugMon_Handler
                0x080002a2                PendSV_Handler
 .after_vectors
                0x080002b8        0x2 ./system/src/cmsis/vectors_stm32f407xx.o
                0x080002b8                RTC_Alarm_IRQHandler
                0x080002b8                HASH_RNG_IRQHandler
                0x080002b8                EXTI2_IRQHandler
                0x080002b8                TIM8_CC_IRQHandler
                0x080002b8                TIM1_CC_IRQHandler
                0x080002b8                DMA2_Stream5_IRQHandler
                0x080002b8                DMA1_Stream5_IRQHandler
                0x080002b8                PVD_IRQHandler
                0x080002b8                SDIO_IRQHandler
                0x080002b8                TAMP_STAMP_IRQHandler
                0x080002b8                CAN2_RX1_IRQHandler
                0x080002b8                EXTI3_IRQHandler
                0x080002b8                TIM8_TRG_COM_TIM14_IRQHandler
                0x080002b8                TIM1_UP_TIM10_IRQHandler
                0x080002b8                TIM8_UP_TIM13_IRQHandler
                0x080002b8                I2C3_ER_IRQHandler
                0x080002b8                EXTI0_IRQHandler
                0x080002b8                I2C2_EV_IRQHandler
                0x080002b8                DMA1_Stream2_IRQHandler
                0x080002b8                CAN1_RX0_IRQHandler
                0x080002b8                FPU_IRQHandler
                0x080002b8                OTG_HS_WKUP_IRQHandler
                0x080002b8                CAN2_SCE_IRQHandler
                0x080002b8                DMA2_Stream2_IRQHandler
                0x080002b8                SPI1_IRQHandler
                0x080002b8                TIM6_DAC_IRQHandler
                0x080002b8                TIM1_BRK_TIM9_IRQHandler
                0x080002b8                DCMI_IRQHandler
                0x080002b8                CAN2_RX0_IRQHandler
                0x080002b8                DMA2_Stream3_IRQHandler
                0x080002b8                USART6_IRQHandler
                0x080002b8                USART3_IRQHandler
                0x080002b8                CAN1_RX1_IRQHandler
                0x080002b8                UART5_IRQHandler
                0x080002b8                DMA2_Stream0_IRQHandler
                0x080002b8                TIM4_IRQHandler
                0x080002b8                I2C1_EV_IRQHandler
                0x080002b8                DMA1_Stream6_IRQHandler
                0x080002b8                DMA1_Stream1_IRQHandler
                0x080002b8                UART4_IRQHandler
                0x080002b8                TIM3_IRQHandler
                0x080002b8                RCC_IRQHandler
                0x080002b8                TIM8_BRK_TIM12_IRQHandler
                0x080002b8                Default_Handler
                0x080002b8                EXTI15_10_IRQHandler
                0x080002b8                ADC_IRQHandler
                0x080002b8                DMA1_Stream7_IRQHandler
                0x080002b8                TIM7_IRQHandler
                0x080002b8                CAN2_TX_IRQHandler
                0x080002b8                TIM5_IRQHandler
                0x080002b8                DMA2_Stream7_IRQHandler
                0x080002b8                I2C3_EV_IRQHandler
                0x080002b8                EXTI9_5_IRQHandler
                0x080002b8                RTC_WKUP_IRQHandler
                0x080002b8                ETH_WKUP_IRQHandler
                0x080002b8                SPI2_IRQHandler
                0x080002b8                OTG_HS_EP1_IN_IRQHandler
                0x080002b8                DMA1_Stream0_IRQHandler
                0x080002b8                CAN1_TX_IRQHandler
                0x080002b8                EXTI4_IRQHandler
                0x080002b8                ETH_IRQHandler
                0x080002b8                OTG_HS_EP1_OUT_IRQHandler
                0x080002b8                WWDG_IRQHandler
                0x080002b8                TIM2_IRQHandler
                0x080002b8                OTG_FS_WKUP_IRQHandler
                0x080002b8                TIM1_TRG_COM_TIM11_IRQHandler
                0x080002b8                OTG_HS_IRQHandler
                0x080002b8                EXTI1_IRQHandler
                0x080002b8                USART2_IRQHandler
                0x080002b8                I2C2_ER_IRQHandler
                0x080002b8                DMA2_Stream1_IRQHandler
                0x080002b8                CAN1_SCE_IRQHandler
                0x080002b8                FLASH_IRQHandler
                0x080002b8                DMA2_Stream4_IRQHandler
                0x080002b8                USART1_IRQHandler
                0x080002b8                OTG_FS_IRQHandler
                0x080002b8                SPI3_IRQHandler
                0x080002b8                DMA1_Stream4_IRQHandler
                0x080002b8                I2C1_ER_IRQHandler
                0x080002b8                FMC_IRQHandler
                0x080002b8                DMA2_Stream6_IRQHandler
                0x080002b8                DMA1_Stream3_IRQHandler

.inits          0x080002bc       0x28
                0x080002bc                __data_regions_array_start = .
                0x080002bc        0x4 LONG 0x800107c LOADADDR (.data)
                0x080002c0        0x4 LONG 0x20000000 ADDR (.data)
                0x080002c4        0x4 LONG 0x20000014 (ADDR (.data) + SIZEOF (.data))
                0x080002c8        0x4 LONG 0x800107c LOADADDR (.data_CCMRAM)
                0x080002cc        0x4 LONG 0x10000000 ADDR (.data_CCMRAM)
                0x080002d0        0x4 LONG 0x10000000 (ADDR (.data_CCMRAM) + SIZEOF (.data_CCMRAM))
                0x080002d4                __data_regions_array_end = .
                0x080002d4                __bss_regions_array_start = .
                0x080002d4        0x4 LONG 0x20000014 ADDR (.bss)
                0x080002d8        0x4 LONG 0x20000020 (ADDR (.bss) + SIZEOF (.bss))
                0x080002dc        0x4 LONG 0x10000000 ADDR (.bss_CCMRAM)
                0x080002e0        0x4 LONG 0x10000000 (ADDR (.bss_CCMRAM) + SIZEOF (.bss_CCMRAM))
                0x080002e4                __bss_regions_array_end = .
 *(.init)
 *(.fini)
                0x080002e4                . = ALIGN (0x4)
                0x080002e4                PROVIDE (__preinit_array_start = .)
 *(.preinit_array_sysinit .preinit_array_sysinit.*)
 *(.preinit_array_platform .preinit_array_platform.*)
 *(.preinit_array .preinit_array.*)
                0x080002e4                PROVIDE (__preinit_array_end = .)
                0x080002e4                . = ALIGN (0x4)
                0x080002e4                PROVIDE (__init_array_start = .)
 *(SORT_BY_NAME(.init_array.*))
 *(.init_array)
                0x080002e4                PROVIDE (__init_array_end = .)
                0x080002e4                . = ALIGN (0x4)
                0x080002e4                PROVIDE (__fini_array_start = .)
 *(SORT_BY_NAME(.fini_array.*))
 *(.fini_array)
                0x080002e4                PROVIDE (__fini_array_end = .)

.flashtext
 *(.flashtext .flashtext.*)

.text           0x080002e4      0xd90
 *(.text .text.*)
 .text.HAL_InitTick
                0x080002e4       0x48 ./system/src/stm32f4-hal/stm32f4xx_hal.o
                0x080002e4                HAL_InitTick
 .text.HAL_Init
                0x0800032c       0x34 ./system/src/stm32f4-hal/stm32f4xx_hal.o
                0x0800032c                HAL_Init
 .text.HAL_IncTick
                0x08000360       0x18 ./system/src/stm32f4-hal/stm32f4xx_hal.o
                0x08000360                HAL_IncTick
 .text.HAL_GetTick
                0x08000378        0xc ./system/src/stm32f4-hal/stm32f4xx_hal.o
                0x08000378                HAL_GetTick
 .text.HAL_NVIC_SetPriorityGrouping
                0x08000384       0x24 ./system/src/stm32f4-hal/stm32f4xx_hal_cortex.o
                0x08000384                HAL_NVIC_SetPriorityGrouping
 .text.HAL_NVIC_SetPriority
                0x080003a8       0x64 ./system/src/stm32f4-hal/stm32f4xx_hal_cortex.o
                0x080003a8                HAL_NVIC_SetPriority
 .text.HAL_SYSTICK_Config
                0x0800040c       0x28 ./system/src/stm32f4-hal/stm32f4xx_hal_cortex.o
                0x0800040c                HAL_SYSTICK_Config
 .text.HAL_SYSTICK_CLKSourceConfig
                0x08000434       0x16 ./system/src/stm32f4-hal/stm32f4xx_hal_cortex.o
                0x08000434                HAL_SYSTICK_CLKSourceConfig
 *fill*         0x0800044a        0x2 
 .text.HAL_GPIO_Init
                0x0800044c      0x1b4 ./system/src/stm32f4-hal/stm32f4xx_hal_gpio.o
                0x0800044c                HAL_GPIO_Init
 .text.HAL_GPIO_WritePin
                0x08000600        0xa ./system/src/stm32f4-hal/stm32f4xx_hal_gpio.o
                0x08000600                HAL_GPIO_WritePin
 *fill*         0x0800060a        0x2 
 .text.HAL_RCC_OscConfig
                0x0800060c      0x34c ./system/src/stm32f4-hal/stm32f4xx_hal_rcc.o
                0x0800060c                HAL_RCC_OscConfig
 .text.HAL_RCC_GetSysClockFreq
                0x08000958       0x5c ./system/src/stm32f4-hal/stm32f4xx_hal_rcc.o
                0x08000958                HAL_RCC_GetSysClockFreq
 .text.HAL_RCC_ClockConfig
                0x080009b4      0x134 ./system/src/stm32f4-hal/stm32f4xx_hal_rcc.o
                0x080009b4                HAL_RCC_ClockConfig
 .text.HAL_RCC_GetHCLKFreq
                0x08000ae8        0xc ./system/src/stm32f4-hal/stm32f4xx_hal_rcc.o
                0x08000ae8                HAL_RCC_GetHCLKFreq
 .text._exit    0x08000af4        0x6 ./system/src/newlib/exit.o
                0x08000af4                _exit
 *fill*         0x08000afa        0x2 
 .text.__initialize_args
                0x08000afc       0x10 ./system/src/newlib/syscalls.o
                0x08000afc                __initialize_args
 .text.__initialize_hardware_early
                0x08000b0c       0x18 ./system/src/cortexm/initialize-hardware.o
                0x08000b0c                __initialize_hardware_early
 .text.__reset_hardware
                0x08000b24       0x24 ./system/src/cortexm/reset-hardware.o
                0x08000b24                __reset_hardware
 .text.SystemInit
                0x08000b48       0x10 ./system/src/cmsis/system_stm32f4xx.o
                0x08000b48                SystemInit
 .text.SystemCoreClockUpdate
                0x08000b58       0x6c ./system/src/cmsis/system_stm32f4xx.o
                0x08000b58                SystemCoreClockUpdate
 .text.SystemClock_Config
                0x08000bc4       0x9c ./src/initialize-hardware.o
                0x08000bc4                SystemClock_Config
 .text.__initialize_hardware
                0x08000c60       0x12 ./src/initialize-hardware.o
                0x08000c60                __initialize_hardware
 *fill*         0x08000c72        0x2 
 .text.blink_led_on
                0x08000c74       0x10 ./src/led.o
                0x08000c74                blink_led_on
 .text.blink_led_off
                0x08000c84       0x10 ./src/led.o
                0x08000c84                blink_led_off
 .text.blink_led_init
                0x08000c94       0x38 ./src/led.o
                0x08000c94                blink_led_init
 .text.startup.main
                0x08000ccc       0x30 ./src/main.o
                0x08000ccc                main
 .text.HAL_MspInit
                0x08000cfc        0x2 ./src/stm32f4xx_hal_msp.o
                0x08000cfc                HAL_MspInit
 *fill*         0x08000cfe        0x2 
 .text.timer_start
                0x08000d00       0x34 ./src/timer.o
                0x08000d00                timer_start
 .text.timer_sleep
                0x08000d34       0x10 ./src/timer.o
                0x08000d34                timer_sleep
 .text.timer_tick
                0x08000d44       0x14 ./src/timer.o
                0x08000d44                timer_tick
 .text.SysTick_Handler
                0x08000d58        0xe ./src/timer.o
                0x08000d58                SysTick_Handler
 *fill*         0x08000d66        0x2 
 .text          0x08000d68       0x30 c:/program files (x86)/arm gnu toolchain arm-none-eabi/11.2 2022.02/bin/../lib/gcc/arm-none-eabi/11.2.1/thumb/v7e-m/nofp\libgcc.a(_aeabi_uldivmod.o)
                0x08000d68                __aeabi_uldivmod
 .text.__udivmoddi4
                0x08000d98      0x2c8 c:/program files (x86)/arm gnu toolchain arm-none-eabi/11.2 2022.02/bin/../lib/gcc/arm-none-eabi/11.2.1/thumb/v7e-m/nofp\libgcc.a(_udivmoddi4.o)
                0x08000d98                __udivmoddi4
 .text          0x08001060        0x4 c:/program files (x86)/arm gnu toolchain arm-none-eabi/11.2 2022.02/bin/../lib/gcc/arm-none-eabi/11.2.1/thumb/v7e-m/nofp\libgcc.a(_dvmd_tls.o)
                0x08001060                __aeabi_idiv0
                0x08001060                __aeabi_ldiv0
 *(.rodata .rodata.* .constdata .constdata.*)
 .rodata.AHBPrescTable
                0x08001064       0x10 ./system/src/cmsis/system_stm32f4xx.o
                0x08001064                AHBPrescTable
 *(vtable)
 *(.eh_frame*)
 *(.glue_7)
 .glue_7        0x08001074        0x0 linker stubs
 *(.glue_7t)
 .glue_7t       0x08001074        0x0 linker stubs

.vfp11_veneer   0x08001074        0x0
 .vfp11_veneer  0x08001074        0x0 linker stubs

.v4_bx          0x08001074        0x0
 .v4_bx         0x08001074        0x0 linker stubs

.iplt           0x08001074        0x0
 .iplt          0x08001074        0x0 ./system/src/stm32f4-hal/stm32f4xx_hal.o

.ARM.extab
 *(.ARM.extab* .gnu.linkonce.armextab.*)
                0x08001074                . = ALIGN (0x4)
                0x08001074                __exidx_start = .

.ARM.exidx      0x08001074        0x8
 *(.ARM.exidx* .gnu.linkonce.armexidx.*)
 .ARM.exidx.text.__udivmoddi4
                0x08001074        0x8 c:/program files (x86)/arm gnu toolchain arm-none-eabi/11.2 2022.02/bin/../lib/gcc/arm-none-eabi/11.2.1/thumb/v7e-m/nofp\libgcc.a(_udivmoddi4.o)
                0x0800107c                __exidx_end = .

.rel.dyn        0x0800107c        0x0
 .rel.iplt      0x0800107c        0x0 ./system/src/stm32f4-hal/stm32f4xx_hal.o
                0x0800107c                . = ALIGN (0x4)
                0x0800107c                _etext = .
                0x0800107c                __etext = .

.data_CCMRAM    0x10000000        0x0 load address 0x0800107c
 FILL mask 0xff
 *(.data.CCMRAM .data.CCMRAM.*)
                0x10000000                . = ALIGN (0x4)
                0x0800107c                _sidata = LOADADDR (.data)

.data           0x20000000       0x14 load address 0x0800107c
 FILL mask 0xff
                0x20000000                _sdata = .
                0x20000000                __data_start__ = .
 *(.data_begin .data_begin.*)
 *(.data .data.*)
 .data.uwTickFreq
                0x20000000        0x1 ./system/src/stm32f4-hal/stm32f4xx_hal.o
                0x20000000                uwTickFreq
 *fill*         0x20000001        0x3 ff
 .data.uwTickPrio
                0x20000004        0x4 ./system/src/stm32f4-hal/stm32f4xx_hal.o
                0x20000004                uwTickPrio
 .data.argv.1   0x20000008        0x8 ./system/src/newlib/syscalls.o
 .data.SystemCoreClock
                0x20000010        0x4 ./system/src/cmsis/system_stm32f4xx.o
                0x20000010                SystemCoreClock
 *(.data_end .data_end.*)
                0x20000014                . = ALIGN (0x4)
                0x20000014                _edata = .
                0x20000014                __data_end__ = .

.igot.plt       0x20000014        0x0 load address 0x08001090
 .igot.plt      0x20000014        0x0 ./system/src/stm32f4-hal/stm32f4xx_hal.o

.bss_CCMRAM     0x10000000        0x0
 *(.bss.CCMRAM .bss.CCMRAM.*)

.bss            0x20000014        0xc
                0x20000014                __bss_start__ = .
                0x20000014                _sbss = .
 *(.bss_begin .bss_begin.*)
 *(.bss .bss.*)
 .bss.uwTick    0x20000014        0x4 ./system/src/stm32f4-hal/stm32f4xx_hal.o
                0x20000014                uwTick
 .bss.name.0    0x20000018        0x1 ./system/src/newlib/syscalls.o
 *fill*         0x20000019        0x3 
 .bss.timer_delayCount
                0x2000001c        0x4 ./src/timer.o
                0x2000001c                timer_delayCount
 *(COMMON)
 *(.bss_end .bss_end.*)
                0x20000020                . = ALIGN (0x4)
                0x20000020                __bss_end__ = .
                0x20000020                _ebss = .

.noinit_CCMRAM
 *(.noinit.CCMRAM .noinit.CCMRAM.*)

.noinit         0x20000020        0x0
                0x20000020                _noinit = .
 *(.noinit .noinit.*)
                0x20000020                . = ALIGN (0x4)
                0x20000020                _end_noinit = .
                [!provide]                PROVIDE (end = _end_noinit)
                [!provide]                PROVIDE (_end = _end_noinit)
                [!provide]                PROVIDE (__end = _end_noinit)
                [!provide]                PROVIDE (__end__ = _end_noinit)

._check_stack   0x20000020      0x100
                0x20000120                . = (. + _Minimum_Stack_Size)
 *fill*         0x20000020      0x100 

.b1text
 *(.b1text)
 *(.b1rodata)
 *(.b1rodata.*)

.eb0text
 *(.eb0text)
 *(.eb0rodata)
 *(.eb0rodata.*)

.eb1text
 *(.eb1text)
 *(.eb1rodata)
 *(.eb1rodata.*)

.eb2text
 *(.eb2text)
 *(.eb2rodata)
 *(.eb2rodata.*)

.eb3text
 *(.eb3text)
 *(.eb3rodata)
 *(.eb3rodata.*)

.stab
 *(.stab)

.stabstr
 *(.stabstr)

.stab.excl
 *(.stab.excl)

.stab.exclstr
 *(.stab.exclstr)

.stab.index
 *(.stab.index)

.stab.indexstr
 *(.stab.indexstr)

.comment        0x00000000       0x57
 *(.comment)
 .comment       0x00000000       0x57 ./system/src/stm32f4-hal/stm32f4xx_hal.o
                                 0x58 (size before relaxing)
 .comment       0x00000057       0x58 ./system/src/stm32f4-hal/stm32f4xx_hal_cortex.o
 .comment       0x00000057       0x58 ./system/src/stm32f4-hal/stm32f4xx_hal_gpio.o
 .comment       0x00000057       0x58 ./system/src/stm32f4-hal/stm32f4xx_hal_rcc.o
 .comment       0x00000057       0x58 ./system/src/newlib/exit.o
 .comment       0x00000057       0x58 ./system/src/newlib/startup.o
 .comment       0x00000057       0x58 ./system/src/newlib/syscalls.o
 .comment       0x00000057       0x58 ./system/src/cortexm/exception-handlers.o
 .comment       0x00000057       0x58 ./system/src/cortexm/initialize-hardware.o
 .comment       0x00000057       0x58 ./system/src/cortexm/reset-hardware.o
 .comment       0x00000057       0x58 ./system/src/cmsis/system_stm32f4xx.o
 .comment       0x00000057       0x58 ./system/src/cmsis/vectors_stm32f407xx.o
 .comment       0x00000057       0x58 ./src/initialize-hardware.o
 .comment       0x00000057       0x58 ./src/led.o
 .comment       0x00000057       0x58 ./src/main.o
 .comment       0x00000057       0x58 ./src/stm32f4xx_hal_msp.o
 .comment       0x00000057       0x58 ./src/timer.o
 .comment       0x00000057       0x58 c:/program files (x86)/arm gnu toolchain arm-none-eabi/11.2 2022.02/bin/../lib/gcc/arm-none-eabi/11.2.1/thumb/v7e-m/nofp\libgcc.a(_udivmoddi4.o)

.ARM.attributes
                0x00000000       0x2e
 .ARM.attributes
                0x00000000       0x2e ./system/src/stm32f4-hal/stm32f4xx_hal.o
 .ARM.attributes
                0x0000002e       0x2e ./system/src/stm32f4-hal/stm32f4xx_hal_cortex.o
 .ARM.attributes
                0x0000005c       0x2e ./system/src/stm32f4-hal/stm32f4xx_hal_gpio.o
 .ARM.attributes
                0x0000008a       0x2e ./system/src/stm32f4-hal/stm32f4xx_hal_rcc.o
 .ARM.attributes
                0x000000b8       0x2e ./system/src/newlib/exit.o
 .ARM.attributes
                0x000000e6       0x2e ./system/src/newlib/startup.o
 .ARM.attributes
                0x00000114       0x2e ./system/src/newlib/syscalls.o
 .ARM.attributes
                0x00000142       0x2e ./system/src/cortexm/exception-handlers.o
 .ARM.attributes
                0x00000170       0x2e ./system/src/cortexm/initialize-hardware.o
 .ARM.attributes
                0x0000019e       0x2e ./system/src/cortexm/reset-hardware.o
 .ARM.attributes
                0x000001cc       0x2e ./system/src/cmsis/system_stm32f4xx.o
 .ARM.attributes
                0x000001fa       0x2e ./system/src/cmsis/vectors_stm32f407xx.o
 .ARM.attributes
                0x00000228       0x2e ./src/initialize-hardware.o
 .ARM.attributes
                0x00000256       0x2e ./src/led.o
 .ARM.attributes
                0x00000284       0x2e ./src/main.o
 .ARM.attributes
                0x000002b2       0x2e ./src/stm32f4xx_hal_msp.o
 .ARM.attributes
                0x000002e0       0x2e ./src/timer.o
 .ARM.attributes
                0x0000030e       0x1e c:/program files (x86)/arm gnu toolchain arm-none-eabi/11.2 2022.02/bin/../lib/gcc/arm-none-eabi/11.2.1/thumb/v7e-m/nofp\libgcc.a(_aeabi_uldivmod.o)
 .ARM.attributes
                0x0000032c       0x2e c:/program files (x86)/arm gnu toolchain arm-none-eabi/11.2 2022.02/bin/../lib/gcc/arm-none-eabi/11.2.1/thumb/v7e-m/nofp\libgcc.a(_udivmoddi4.o)
 .ARM.attributes
                0x0000035a       0x1e c:/program files (x86)/arm gnu toolchain arm-none-eabi/11.2 2022.02/bin/../lib/gcc/arm-none-eabi/11.2.1/thumb/v7e-m/nofp\libgcc.a(_dvmd_tls.o)

.debug
 *(.debug)

.line
 *(.line)

.debug_srcinfo
 *(.debug_srcinfo)

.debug_sfnames
 *(.debug_sfnames)

.debug_aranges  0x00000000      0x548
 *(.debug_aranges)
 .debug_aranges
                0x00000000       0xe8 ./system/src/stm32f4-hal/stm32f4xx_hal.o
 .debug_aranges
                0x000000e8       0xa8 ./system/src/stm32f4-hal/stm32f4xx_hal_cortex.o
 .debug_aranges
                0x00000190       0x58 ./system/src/stm32f4-hal/stm32f4xx_hal_gpio.o
 .debug_aranges
                0x000001e8       0x88 ./system/src/stm32f4-hal/stm32f4xx_hal_rcc.o
 .debug_aranges
                0x00000270       0x28 ./system/src/newlib/exit.o
 .debug_aranges
                0x00000298       0x40 ./system/src/newlib/startup.o
 .debug_aranges
                0x000002d8       0x30 ./system/src/newlib/syscalls.o
 .debug_aranges
                0x00000308       0x80 ./system/src/cortexm/exception-handlers.o
 .debug_aranges
                0x00000388       0x28 ./system/src/cortexm/initialize-hardware.o
 .debug_aranges
                0x000003b0       0x20 ./system/src/cortexm/reset-hardware.o
 .debug_aranges
                0x000003d0       0x28 ./system/src/cmsis/system_stm32f4xx.o
 .debug_aranges
                0x000003f8       0x20 ./system/src/cmsis/vectors_stm32f407xx.o
 .debug_aranges
                0x00000418       0x28 ./src/initialize-hardware.o
 .debug_aranges
                0x00000440       0x30 ./src/led.o
 .debug_aranges
                0x00000470       0x20 ./src/main.o
 .debug_aranges
                0x00000490       0x20 ./src/stm32f4xx_hal_msp.o
 .debug_aranges
                0x000004b0       0x38 ./src/timer.o
 .debug_aranges
                0x000004e8       0x20 c:/program files (x86)/arm gnu toolchain arm-none-eabi/11.2 2022.02/bin/../lib/gcc/arm-none-eabi/11.2.1/thumb/v7e-m/nofp\libgcc.a(_aeabi_uldivmod.o)
 .debug_aranges
                0x00000508       0x20 c:/program files (x86)/arm gnu toolchain arm-none-eabi/11.2 2022.02/bin/../lib/gcc/arm-none-eabi/11.2.1/thumb/v7e-m/nofp\libgcc.a(_udivmoddi4.o)
 .debug_aranges
                0x00000528       0x20 c:/program files (x86)/arm gnu toolchain arm-none-eabi/11.2 2022.02/bin/../lib/gcc/arm-none-eabi/11.2.1/thumb/v7e-m/nofp\libgcc.a(_dvmd_tls.o)

.debug_pubnames
 *(.debug_pubnames)

.debug_info     0x00000000     0x59d8
 *(.debug_info .gnu.linkonce.wi.*)
 .debug_info    0x00000000      0xa10 ./system/src/stm32f4-hal/stm32f4xx_hal.o
 .debug_info    0x00000a10      0xf4d ./system/src/stm32f4-hal/stm32f4xx_hal_cortex.o
 .debug_info    0x0000195d      0x6cb ./system/src/stm32f4-hal/stm32f4xx_hal_gpio.o
 .debug_info    0x00002028      0xaa4 ./system/src/stm32f4-hal/stm32f4xx_hal_rcc.o
 .debug_info    0x00002acc       0xfe ./system/src/newlib/exit.o
 .debug_info    0x00002bca      0x4f3 ./system/src/newlib/startup.o
 .debug_info    0x000030bd      0x1bf ./system/src/newlib/syscalls.o
 .debug_info    0x0000327c      0x26d ./system/src/cortexm/exception-handlers.o
 .debug_info    0x000034e9      0x274 ./system/src/cortexm/initialize-hardware.o
 .debug_info    0x0000375d      0x289 ./system/src/cortexm/reset-hardware.o
 .debug_info    0x000039e6      0x50d ./system/src/cmsis/system_stm32f4xx.o
 .debug_info    0x00003ef3      0x107 ./system/src/cmsis/vectors_stm32f407xx.o
 .debug_info    0x00003ffa      0x504 ./src/initialize-hardware.o
 .debug_info    0x000044fe      0x410 ./src/led.o
 .debug_info    0x0000490e      0x1e9 ./src/main.o
 .debug_info    0x00004af7       0x9e ./src/stm32f4xx_hal_msp.o
 .debug_info    0x00004b95      0x718 ./src/timer.o
 .debug_info    0x000052ad       0x24 c:/program files (x86)/arm gnu toolchain arm-none-eabi/11.2 2022.02/bin/../lib/gcc/arm-none-eabi/11.2.1/thumb/v7e-m/nofp\libgcc.a(_aeabi_uldivmod.o)
 .debug_info    0x000052d1      0x6e3 c:/program files (x86)/arm gnu toolchain arm-none-eabi/11.2 2022.02/bin/../lib/gcc/arm-none-eabi/11.2.1/thumb/v7e-m/nofp\libgcc.a(_udivmoddi4.o)
 .debug_info    0x000059b4       0x24 c:/program files (x86)/arm gnu toolchain arm-none-eabi/11.2 2022.02/bin/../lib/gcc/arm-none-eabi/11.2.1/thumb/v7e-m/nofp\libgcc.a(_dvmd_tls.o)

.debug_abbrev   0x00000000     0x1d21
 *(.debug_abbrev)
 .debug_abbrev  0x00000000      0x282 ./system/src/stm32f4-hal/stm32f4xx_hal.o
 .debug_abbrev  0x00000282      0x38f ./system/src/stm32f4-hal/stm32f4xx_hal_cortex.o
 .debug_abbrev  0x00000611      0x1fe ./system/src/stm32f4-hal/stm32f4xx_hal_gpio.o
 .debug_abbrev  0x0000080f      0x34b ./system/src/stm32f4-hal/stm32f4xx_hal_rcc.o
 .debug_abbrev  0x00000b5a       0xc2 ./system/src/newlib/exit.o
 .debug_abbrev  0x00000c1c      0x243 ./system/src/newlib/startup.o
 .debug_abbrev  0x00000e5f      0x116 ./system/src/newlib/syscalls.o
 .debug_abbrev  0x00000f75       0xf3 ./system/src/cortexm/exception-handlers.o
 .debug_abbrev  0x00001068      0x10f ./system/src/cortexm/initialize-hardware.o
 .debug_abbrev  0x00001177      0x10f ./system/src/cortexm/reset-hardware.o
 .debug_abbrev  0x00001286      0x11f ./system/src/cmsis/system_stm32f4xx.o
 .debug_abbrev  0x000013a5       0xb6 ./system/src/cmsis/vectors_stm32f407xx.o
 .debug_abbrev  0x0000145b      0x1e4 ./src/initialize-hardware.o
 .debug_abbrev  0x0000163f      0x181 ./src/led.o
 .debug_abbrev  0x000017c0      0x153 ./src/main.o
 .debug_abbrev  0x00001913       0x5f ./src/stm32f4xx_hal_msp.o
 .debug_abbrev  0x00001972      0x21d ./src/timer.o
 .debug_abbrev  0x00001b8f       0x14 c:/program files (x86)/arm gnu toolchain arm-none-eabi/11.2 2022.02/bin/../lib/gcc/arm-none-eabi/11.2.1/thumb/v7e-m/nofp\libgcc.a(_aeabi_uldivmod.o)
 .debug_abbrev  0x00001ba3      0x16a c:/program files (x86)/arm gnu toolchain arm-none-eabi/11.2 2022.02/bin/../lib/gcc/arm-none-eabi/11.2.1/thumb/v7e-m/nofp\libgcc.a(_udivmoddi4.o)
 .debug_abbrev  0x00001d0d       0x14 c:/program files (x86)/arm gnu toolchain arm-none-eabi/11.2 2022.02/bin/../lib/gcc/arm-none-eabi/11.2.1/thumb/v7e-m/nofp\libgcc.a(_dvmd_tls.o)

.debug_line     0x00000000     0x38aa
 *(.debug_line)
 .debug_line    0x00000000      0x4f8 ./system/src/stm32f4-hal/stm32f4xx_hal.o
 .debug_line    0x000004f8      0x746 ./system/src/stm32f4-hal/stm32f4xx_hal_cortex.o
 .debug_line    0x00000c3e      0x69e ./system/src/stm32f4-hal/stm32f4xx_hal_gpio.o
 .debug_line    0x000012dc      0xa5f ./system/src/stm32f4-hal/stm32f4xx_hal_rcc.o
 .debug_line    0x00001d3b      0x165 ./system/src/newlib/exit.o
 .debug_line    0x00001ea0      0x2f0 ./system/src/newlib/startup.o
 .debug_line    0x00002190      0x1aa ./system/src/newlib/syscalls.o
 .debug_line    0x0000233a      0x260 ./system/src/cortexm/exception-handlers.o
 .debug_line    0x0000259a      0x13c ./system/src/cortexm/initialize-hardware.o
 .debug_line    0x000026d6      0x153 ./system/src/cortexm/reset-hardware.o
 .debug_line    0x00002829      0x1be ./system/src/cmsis/system_stm32f4xx.o
 .debug_line    0x000029e7       0xa1 ./system/src/cmsis/vectors_stm32f407xx.o
 .debug_line    0x00002a88      0x23b ./src/initialize-hardware.o
 .debug_line    0x00002cc3      0x16b ./src/led.o
 .debug_line    0x00002e2e      0x1c5 ./src/main.o
 .debug_line    0x00002ff3       0x4d ./src/stm32f4xx_hal_msp.o
 .debug_line    0x00003040      0x1fc ./src/timer.o
 .debug_line    0x0000323c       0x4e c:/program files (x86)/arm gnu toolchain arm-none-eabi/11.2 2022.02/bin/../lib/gcc/arm-none-eabi/11.2.1/thumb/v7e-m/nofp\libgcc.a(_aeabi_uldivmod.o)
 .debug_line    0x0000328a      0x5d6 c:/program files (x86)/arm gnu toolchain arm-none-eabi/11.2 2022.02/bin/../lib/gcc/arm-none-eabi/11.2.1/thumb/v7e-m/nofp\libgcc.a(_udivmoddi4.o)
 .debug_line    0x00003860       0x4a c:/program files (x86)/arm gnu toolchain arm-none-eabi/11.2 2022.02/bin/../lib/gcc/arm-none-eabi/11.2.1/thumb/v7e-m/nofp\libgcc.a(_dvmd_tls.o)

.debug_frame    0x00000000      0x9c0
 *(.debug_frame)
 .debug_frame   0x00000000      0x1f4 ./system/src/stm32f4-hal/stm32f4xx_hal.o
 .debug_frame   0x000001f4      0x158 ./system/src/stm32f4-hal/stm32f4xx_hal_cortex.o
 .debug_frame   0x0000034c       0xd4 ./system/src/stm32f4-hal/stm32f4xx_hal_gpio.o
 .debug_frame   0x00000420      0x13c ./system/src/stm32f4-hal/stm32f4xx_hal_rcc.o
 .debug_frame   0x0000055c       0x40 ./system/src/newlib/exit.o
 .debug_frame   0x0000059c       0x80 ./system/src/newlib/startup.o
 .debug_frame   0x0000061c       0x50 ./system/src/newlib/syscalls.o
 .debug_frame   0x0000066c       0xe0 ./system/src/cortexm/exception-handlers.o
 .debug_frame   0x0000074c       0x38 ./system/src/cortexm/initialize-hardware.o
 .debug_frame   0x00000784       0x20 ./system/src/cortexm/reset-hardware.o
 .debug_frame   0x000007a4       0x30 ./system/src/cmsis/system_stm32f4xx.o
 .debug_frame   0x000007d4       0x20 ./system/src/cmsis/vectors_stm32f407xx.o
 .debug_frame   0x000007f4       0x4c ./src/initialize-hardware.o
 .debug_frame   0x00000840       0x48 ./src/led.o
 .debug_frame   0x00000888       0x2c ./src/main.o
 .debug_frame   0x000008b4       0x50 ./src/stm32f4xx_hal_msp.o
 .debug_frame   0x00000904       0x5c ./src/timer.o
 .debug_frame   0x00000960       0x2c c:/program files (x86)/arm gnu toolchain arm-none-eabi/11.2 2022.02/bin/../lib/gcc/arm-none-eabi/11.2.1/thumb/v7e-m/nofp\libgcc.a(_aeabi_uldivmod.o)
 .debug_frame   0x0000098c       0x34 c:/program files (x86)/arm gnu toolchain arm-none-eabi/11.2 2022.02/bin/../lib/gcc/arm-none-eabi/11.2.1/thumb/v7e-m/nofp\libgcc.a(_udivmoddi4.o)

.debug_str      0x00000000     0x2089
 *(.debug_str)
 .debug_str     0x00000000      0xb1b ./system/src/stm32f4-hal/stm32f4xx_hal.o
                                0xb74 (size before relaxing)
 .debug_str     0x00000b1b      0x4ad ./system/src/stm32f4-hal/stm32f4xx_hal_cortex.o
                                0xc28 (size before relaxing)
 .debug_str     0x00000fc8      0x1d2 ./system/src/stm32f4-hal/stm32f4xx_hal_gpio.o
                                0x4db (size before relaxing)
 .debug_str     0x0000119a      0x315 ./system/src/stm32f4-hal/stm32f4xx_hal_rcc.o
                                0x6f6 (size before relaxing)
 .debug_str     0x000014af       0x49 ./system/src/newlib/exit.o
                                0x1eb (size before relaxing)
 .debug_str     0x000014f8      0x1a3 ./system/src/newlib/startup.o
                                0x366 (size before relaxing)
 .debug_str     0x0000169b       0x5b ./system/src/newlib/syscalls.o
                                0x220 (size before relaxing)
 .debug_str     0x000016f6      0x11f ./system/src/cortexm/exception-handlers.o
                                0x2ca (size before relaxing)
 .debug_str     0x00001815       0x5d ./system/src/cortexm/initialize-hardware.o
                                0x29b (size before relaxing)
 .debug_str     0x00001872       0x27 ./system/src/cortexm/reset-hardware.o
                                0x25d (size before relaxing)
 .debug_str     0x00001899       0x31 ./system/src/cmsis/system_stm32f4xx.o
                                0x38d (size before relaxing)
 .debug_str     0x000018ca       0x59 ./system/src/cmsis/vectors_stm32f407xx.o
                                0x288 (size before relaxing)
 .debug_str     0x00001923       0x30 ./src/initialize-hardware.o
                                0x4d6 (size before relaxing)
 .debug_str     0x00001953       0x4a ./src/led.o
                                0x39c (size before relaxing)
 .debug_str     0x0000199d       0x5b ./src/main.o
                                0x25a (size before relaxing)
 .debug_str     0x000019f8       0x3d ./src/stm32f4xx_hal_msp.o
                                0x1f4 (size before relaxing)
 .debug_str     0x00001a35       0x2b ./src/timer.o
                                0x835 (size before relaxing)
 .debug_str     0x00001a60       0x8b c:/program files (x86)/arm gnu toolchain arm-none-eabi/11.2 2022.02/bin/../lib/gcc/arm-none-eabi/11.2.1/thumb/v7e-m/nofp\libgcc.a(_aeabi_uldivmod.o)
 .debug_str     0x00001aeb      0x592 c:/program files (x86)/arm gnu toolchain arm-none-eabi/11.2 2022.02/bin/../lib/gcc/arm-none-eabi/11.2.1/thumb/v7e-m/nofp\libgcc.a(_udivmoddi4.o)
                                0x69e (size before relaxing)
 .debug_str     0x0000207d        0xc c:/program files (x86)/arm gnu toolchain arm-none-eabi/11.2 2022.02/bin/../lib/gcc/arm-none-eabi/11.2.1/thumb/v7e-m/nofp\libgcc.a(_dvmd_tls.o)
                                 0x8f (size before relaxing)

.debug_loc
 *(.debug_loc)

.debug_macinfo
 *(.debug_macinfo)

.debug_weaknames
 *(.debug_weaknames)

.debug_funcnames
 *(.debug_funcnames)

.debug_typenames
 *(.debug_typenames)

.debug_varnames
 *(.debug_varnames)
OUTPUT(access-contorl-system.elf elf32-littlearm)
LOAD linker stubs

.debug_loclists
                0x00000000     0x1987
 .debug_loclists
                0x00000000       0xc3 ./system/src/stm32f4-hal/stm32f4xx_hal.o
 .debug_loclists
                0x000000c3      0x367 ./system/src/stm32f4-hal/stm32f4xx_hal_cortex.o
 .debug_loclists
                0x0000042a      0x2ad ./system/src/stm32f4-hal/stm32f4xx_hal_gpio.o
 .debug_loclists
                0x000006d7      0x2f6 ./system/src/stm32f4-hal/stm32f4xx_hal_rcc.o
 .debug_loclists
                0x000009cd       0x23 ./system/src/newlib/exit.o
 .debug_loclists
                0x000009f0      0x274 ./system/src/newlib/startup.o
 .debug_loclists
                0x00000c64       0x51 ./system/src/newlib/syscalls.o
 .debug_loclists
                0x00000cb5       0x4e ./system/src/cortexm/exception-handlers.o
 .debug_loclists
                0x00000d03       0xc4 ./system/src/cmsis/system_stm32f4xx.o
 .debug_loclists
                0x00000dc7       0x56 ./src/main.o
 .debug_loclists
                0x00000e1d       0x6e ./src/timer.o
 .debug_loclists
                0x00000e8b      0xafc c:/program files (x86)/arm gnu toolchain arm-none-eabi/11.2 2022.02/bin/../lib/gcc/arm-none-eabi/11.2.1/thumb/v7e-m/nofp\libgcc.a(_udivmoddi4.o)

.debug_rnglists
                0x00000000      0x4ef
 .debug_rnglists
                0x00000000       0xa9 ./system/src/stm32f4-hal/stm32f4xx_hal.o
 .debug_rnglists
                0x000000a9       0xd0 ./system/src/stm32f4-hal/stm32f4xx_hal_cortex.o
 .debug_rnglists
                0x00000179       0x4d ./system/src/stm32f4-hal/stm32f4xx_hal_gpio.o
 .debug_rnglists
                0x000001c6       0x80 ./system/src/stm32f4-hal/stm32f4xx_hal_rcc.o
 .debug_rnglists
                0x00000246       0x19 ./system/src/newlib/exit.o
 .debug_rnglists
                0x0000025f       0x7b ./system/src/newlib/startup.o
 .debug_rnglists
                0x000002da       0x1f ./system/src/newlib/syscalls.o
 .debug_rnglists
                0x000002f9       0x5b ./system/src/cortexm/exception-handlers.o
 .debug_rnglists
                0x00000354       0x19 ./system/src/cortexm/initialize-hardware.o
 .debug_rnglists
                0x0000036d       0x13 ./system/src/cortexm/reset-hardware.o
 .debug_rnglists
                0x00000380       0x19 ./system/src/cmsis/system_stm32f4xx.o
 .debug_rnglists
                0x00000399       0x13 ./system/src/cmsis/vectors_stm32f407xx.o
 .debug_rnglists
                0x000003ac       0x32 ./src/initialize-hardware.o
 .debug_rnglists
                0x000003de       0x1f ./src/led.o
 .debug_rnglists
                0x000003fd       0x13 ./src/main.o
 .debug_rnglists
                0x00000410       0x13 ./src/stm32f4xx_hal_msp.o
 .debug_rnglists
                0x00000423       0x3d ./src/timer.o
 .debug_rnglists
                0x00000460       0x8f c:/program files (x86)/arm gnu toolchain arm-none-eabi/11.2 2022.02/bin/../lib/gcc/arm-none-eabi/11.2.1/thumb/v7e-m/nofp\libgcc.a(_udivmoddi4.o)

.debug_line_str
                0x00000000       0x5b
 .debug_line_str
                0x00000000       0x4f c:/program files (x86)/arm gnu toolchain arm-none-eabi/11.2 2022.02/bin/../lib/gcc/arm-none-eabi/11.2.1/thumb/v7e-m/nofp\libgcc.a(_aeabi_uldivmod.o)
                                 0x9e (size before relaxing)
 .debug_line_str
                0x0000004f        0xc c:/program files (x86)/arm gnu toolchain arm-none-eabi/11.2 2022.02/bin/../lib/gcc/arm-none-eabi/11.2.1/thumb/v7e-m/nofp\libgcc.a(_dvmd_tls.o)
                                 0xa6 (size before relaxing)
